// Jest Snapshot v1, https://goo.gl/fbAQLP

exports[`<HomePage /> should render and match the snapshot 1`] = `
<article>
  <div>
    <section
      class="Section-sc-1uqkgff-0 CenteredSection-sc-1uyyk41-0 fIcTuw"
    >
      <h2
        class="H2-sc-156sdxv-0 VtKuF"
      >
        <span>
          Start your next react project in seconds
        </span>
      </h2>
      <p>
        <span>
          A highly scalable, offline-first foundation with the best DX and a focus on performance and best practices
        </span>
      </p>
    </section>
    <section
      class="Section-sc-1uqkgff-0 caViRz"
    >
      <h2
        class="H2-sc-156sdxv-0 VtKuF"
      >
        <span>
          Try me!
        </span>
      </h2>
      <form
        class="Form-p3ljpw-0 QwHJb"
      >
        <label
          for="username"
        >
          <span>
            Show Github repositories by
          </span>
          <span
            class="AtPrefix-sc-14u7w2y-0 dQUdON"
          >
            <span>
              @
            </span>
          </span>
          <input
            class="Input-sc-1w48a0t-0 fHzAJE"
            id="username"
            placeholder="mxstbr"
            type="text"
            value=""
          />
        </label>
      </form>
      <div
        class="Wrapper-sc-3sn8rd-0 bvicjb"
      >
        <ul
          class="Ul-hv8xxy-0 iplVaM"
        />
      </div>
    </section>
  </div>
</article>
`;
