// Jest Snapshot v1, https://goo.gl/fbAQLP

exports[`<Footer /> should render and match the snapshot 1`] = `
<footer
  className="Wrapper-elg6tv-0 frfYuK"
>
  <section>
    <span>
      This project is licensed under the MIT license.
    </span>
  </section>
  <section>
    <div
      className="Wrapper-sc-1g0l46x-0 RFGjQ"
    >
      <select
        className="Select-sc-1cfp1um-0 dvbHIS"
        onChange={[Function]}
        value="en"
      >
        <option
          value="en"
        >
          en
        </option>
        <option
          value="de"
        >
          de
        </option>
      </select>
    </div>
  </section>
  <section>
    <span>
      
      Made with love by 
      <a
        className="A-sc-171ufkp-0 gdJgLW"
        href="https://twitter.com/mxstbr"
      >
        Max Stoiber
      </a>
      .
    
    </span>
  </section>
</footer>
`;
